Script started on Wed Apr  5 21:59:43 2023
[1m[7m%[27m[1m[0m                                                                                                                         [0m[27m[24m[Jbelatavaresp@MacBook-Pro-de-Izabela Aula_Pratica_3_ED % [K[?2004hscript c1[9Dlldb c1  ./c1   gcc -g c1.c -o c1[?2004l
[1m[7m%[27m[1m[0m                                                                                                                         [0m[27m[24m[Jbelatavaresp@MacBook-Pro-de-Izabela Aula_Pratica_3_ED % [K[?2004hllldb c1[?2004l
(lldb) target create "c1"
Current executable set to '/Users/belatavaresp/Documents/GitHub/Aula_Pratica_3_ED/c1' (x86_64).
(lldb) [1G[2m(lldb) [22m[8Gbreakpoint set --c1.c[K[1G[2m(lldb) [22m[28G[K[1G[2m(lldb) [22m[27G[K[1G[2m(lldb) [22m[26G[K[1G[2m(lldb) [22m[25Gdi[K[1G[2m(lldb) [22m[26G[K[1G[2m(lldb) [22m[25Gfile c2[K[1G[2m(lldb) [22m[31G1.c --line 8[K[1G[2m(lldb) [22m[42G6[K[1G[2m(lldb) [22m[42G9[K[1G[2m(lldb) [22m[42G8
Breakpoint 1: where = c1`main + 59 at c1.c:8:10, address = 0x0000000100003f3b
(lldb) [1G[2m(lldb) [22m[8Gwac[K[1G[2m(lldb) [22m[10G[K[1G[2m(lldb) [22m[9Ghc[K[1G[2m(lldb) [22m[10Gact[K[1G[2m(lldb) [22m[12G[K[1G[2m(lldb) [22m[11Gc[K[1G[2m(lldb) [22m[11Gtch[K[1G[2m(lldb) [22m[13G[K[1G[2m(lldb) [22m[12G[K[1G[2m(lldb) [22m[11G[K[1G[2m(lldb) [22m[10G[K[1G[2m(lldb) [22m[9Gatchpount[K[1G[2m(lldb) [22m[17G[K[1G[2m(lldb) [22m[16G[K[1G[2m(lldb) [22m[15Gint set varie[K[1G[2m(lldb) [22m[27Gable i
error: invalid process
(lldb) [1G[2m(lldb) [22m[8Gw e s --file c1 -- l[K[1G[2m(lldb) [22m[27G[1G[2m(lldb) [22m[26Gline 8 i
error: There's no process or it is not alive.
(lldb) [1G[2m(lldb) [22m[8Gwatch set var -w i
error: invalid process
(lldb) [1G[2m(lldb) [22m[8Gwatch set var -w i[1G[2m(lldb) [22m[26G i[K[1G[2m(lldb) [22m[23Gi i[1G[2m(lldb) [22m[24G 
error: invalid process
(lldb) [1G[2m(lldb) [22m[8Gr
Process 60576 launched: '/Users/belatavaresp/Documents/GitHub/Aula_Pratica_3_ED/c1' (x86_64)
Process 60576 stopped
* thread #1, queue = [32m'com.apple.main-thread'[0m, stop reason = [31mbreakpoint 1.1[0m
    frame #0: [33m0x0000000100003f3b[0m c1`main(argc=1, argv=0x00007ffeefbff6d8) at [36mc1.c[0m:[33m8[0m:[33m10[0m
[33m  [0m 5   	  [32mint[0m i;
[33m  [0m 6   	  [32mint[0m *a = malloc([32msizeof[0m([32mint[0m) * [31m10[0m);
[33m  [0m 7   	  [32mif[0m (!a) [32mreturn[0m -[31m1[0m; [35m/*malloc failed*/[0m
[33m->[0m 8   	  [32mfor[0m (i [4m=[0m [31m0[0m; i < [31m11[0m; i++){
[33m  [0m 9   	    [35m//falha quando tenta acessar a posicao 10 [0m
[33m  [0m 10  	    [35m//do vetor que vai de [0-9][0m
[33m  [0m 11  	    a[i] = i;
Target 0: (c1) stopped.
(lldb) [1G[2m(lldb) [22m[8Gquit
Quitting LLDB will kill one or more processes. Do you really want to proceed: [Y/n] n
(lldb) [1G[2m(lldb) [22m[8Gval[K[1G[2m(lldb) [22m[10G[K[1G[2m(lldb) [22m[9G[K[1G[2m(lldb) [22m[8Gdel[K[1G[2m(lldb) [22m[10G[K[1G[2m(lldb) [22m[9G[K[1G[2m(lldb) [22m[8Glist[K[1G[2m(lldb) [22m[11G[K[1G[2m(lldb) [22m[10G[K[1G[2m(lldb) [22m[9G[K[1G[2m(lldb) [22m[8Gbreakppi[K[1G[2m(lldb) [22m[15G[K[1G[2m(lldb) [22m[14Goint list
Current breakpoints:
1: file = 'c1.c', line = 8, exact_match = 0, locations = 1, resolved = 1, hit count = 1
  1.1: where = c1`main + 59 at c1.c:8:10, address = 0x0000000100003f3b, resolved, hit count = 1 

(lldb) [1G[2m(lldb) [22m[8Gdeler[K[1G[2m(lldb) [22m[12Gte 1.1
error: 'delete' is not a valid command.
(lldb) [1G[2m(lldb) [22m[8Gde[K[1G[2m(lldb) [22m[9G[K[1G[2m(lldb) [22m[8Gdelte[K[1G[2m(lldb) [22m[12G[K[1G[2m(lldb) [22m[11Gete 1
error: 'delete' is not a valid command.
(lldb) [1G[2m(lldb) [22m[8Gbreakpoint delete 1
1 breakpoints deleted; 0 breakpoint locations disabled.
(lldb) [1G[2m(lldb) [22m[8Gquit
Quitting LLDB will kill one or more processes. Do you really want to proceed: [Y/n] n
(lldb) [1G[2m(lldb) [22m[8Gva[K[1G[2m(lldb) [22m[9G[K[1G[2m(lldb) [22m[8Gcontinue
Process 60576 resuming
Process 60576 exited with status = 0 (0x00000000) 
(lldb) [1G[2m(lldb) [22m[8Gquit
[1m[7m%[27m[1m[0m                                                                                                                         [0m[27m[24m[Jbelatavaresp@MacBook-Pro-de-Izabela Aula_Pratica_3_ED % [K[?2004h[7mvalgrind --leak-check=full[27m[26D[27mv[27ma[27ml[27mg[27mr[27mi[27mn[27md[27m [27m-[27m-[27ml[27me[27ma[27mk[27m-[27mc[27mh[27me[27mc[27mk[27m=[27mf[27mu[27ml[27ml[?2004l
valgrind: no program specified
valgrind: Use --help for more information.
[1m[7m%[27m[1m[0m                                                                                                                         [0m[27m[24m[Jbelatavaresp@MacBook-Pro-de-Izabela Aula_Pratica_3_ED % [K[?2004hvalgrind --leak-check=full ./v1  c22  1[?2004l
==60640== Memcheck, a memory error detector
==60640== Copyright (C) 2002-2022, and GNU GPL'd, by Julian Seward et al.
==60640== Using Valgrind-3.21.0.GIT-lbmacos and LibVEX; rerun with -h for copyright info
==60640== Command: ./c1
==60640== 
==60640== Invalid write of size 4
==60640==    at 0x100003F57: main (c1.c:11)
==60640==  Address 0x1008285c8 is 0 bytes after a block of size 40 alloc'd
==60640==    at 0x100124545: malloc (in /usr/local/Cellar/valgrind/HEAD-1ab162e/libexec/valgrind/vgpreload_memcheck-amd64-darwin.so)
==60640==    by 0x100003F1F: main (c1.c:6)
==60640== 
==60640== 
==60640== HEAP SUMMARY:
==60640==     in use at exit: 13,963 bytes in 161 blocks
==60640==   total heap usage: 176 allocs, 15 frees, 18,747 bytes allocated
==60640== 
==60640== 2,048 bytes in 1 blocks are definitely lost in loss record 34 of 36
==60640==    at 0x100124545: malloc (in /usr/local/Cellar/valgrind/HEAD-1ab162e/libexec/valgrind/vgpreload_memcheck-amd64-darwin.so)
==60640==    by 0x100706079: objc::DenseMap<char const*, objc::detail::DenseSetEmpty, objc::DenseMapValueInfo<objc::detail::DenseSetEmpty>, objc::DenseMapInfo<char const*>, objc::detail::DenseSetPair<char const*> >::grow(unsigned int) (in /usr/lib/libobjc.A.dylib)
==60640==    by 0x10070600D: objc::detail::DenseSetPair<char const*>* objc::DenseMapBase<objc::DenseMap<char const*, objc::detail::DenseSetEmpty, objc::DenseMapValueInfo<objc::detail::DenseSetEmpty>, objc::DenseMapInfo<char const*>, objc::detail::DenseSetPair<char const*> >, char const*, objc::detail::DenseSetEmpty, objc::DenseMapValueInfo<objc::detail::DenseSetEmpty>, objc::DenseMapInfo<char const*>, objc::detail::DenseSetPair<char const*> >::InsertIntoBucketImpl<char const*>(char const* const&, char const* const&, objc::detail::DenseSetPair<char const*>*) (in /usr/lib/libobjc.A.dylib)
==60640==    by 0x100709EC1: __sel_registerName(char const*, bool, bool) (in /usr/lib/libobjc.A.dylib)
==60640==    by 0x1006F7D4B: fixupMethodList(method_list_t*, bool, bool) (in /usr/lib/libobjc.A.dylib)
==60640==    by 0x1006ED835: prepareMethodLists(objc_class*, method_list_t**, int, bool, bool) (in /usr/lib/libobjc.A.dylib)
==60640==    by 0x10070007C: realizeClassWithoutSwift(objc_class*, objc_class*) (in /usr/lib/libobjc.A.dylib)
==60640==    by 0x1006FFB7B: realizeClassWithoutSwift(objc_class*, objc_class*) (in /usr/lib/libobjc.A.dylib)
==60640==    by 0x1006FFB54: realizeClassWithoutSwift(objc_class*, objc_class*) (in /usr/lib/libobjc.A.dylib)
==60640==    by 0x1006FFB54: realizeClassWithoutSwift(objc_class*, objc_class*) (in /usr/lib/libobjc.A.dylib)
==60640==    by 0x1006FFB54: realizeClassWithoutSwift(objc_class*, objc_class*) (in /usr/lib/libobjc.A.dylib)
==60640==    by 0x1006EBA1E: map_images_nolock (in /usr/lib/libobjc.A.dylib)
==60640== 
==60640== LEAK SUMMARY:
==60640==    definitely lost: 2,048 bytes in 1 blocks
==60640==    indirectly lost: 0 bytes in 0 blocks
==60640==      possibly lost: 0 bytes in 0 blocks
==60640==    still reachable: 0 bytes in 0 blocks
==60640==         suppressed: 11,915 bytes in 160 blocks
==60640== 
==60640== For lists of detected and suppressed errors, rerun with: -s
==60640== ERROR SUMMARY: 2 errors from 2 contexts (suppressed: 7 from 7)
[1m[7m%[27m[1m[0m                                                                                                                         [0m[27m[24m[Jbelatavaresp@MacBook-Pro-de-Izabela Aula_Pratica_3_ED % [K[?2004hqquit[?2004l
zsh: command not found: quit
[1m[7m%[27m[1m[0m                                                                                                                         [0m[27m[24m[Jbelatavaresp@MacBook-Pro-de-Izabela Aula_Pratica_3_ED % [K[?2004hsscrit  t itp  pt done[?2004l
Script started, output file is done
[1m[7m%[27m[1m[0m                                                                                                                         [0m[27m[24m[Jbelatavaresp@MacBook-Pro-de-Izabela Aula_Pratica_3_ED % [K[?2004hscript c1[9Dlldb c1  ./c1   gcc -g c1.c -o c1corretoc1.c -o c1correto[16D[P[16C [17D[1Cc.c -o c1correto[15Do.c -o c1correto[15Dr.c -o c1correto[15Dr.c -o c1correto[15De.c -o c1correto[15Dt.c -o c1correto[15Do.c -o c1correto[15D[1C[1C[1C[1C[1C[1C[1C[1C[1C[1C[1C[1C[1C[1C[1Co o o o [1C   c[?2004l
[1m[7m%[27m[1m[0m                                                                                                                         [0m[27m[24m[Jbelatavaresp@MacBook-Pro-de-Izabela Aula_Pratica_3_ED % [K[?2004hgcc -g c1correto.c -o c1c[25Dscript[3C                [16D[9Dlldb c1  script c1c[?2004l
Script started, output file is c1c
[1m[7m%[27m[1m[0m                                                                                                                         [0m[27m[24m[Jbelatavaresp@MacBook-Pro-de-Izabela Aula_Pratica_3_ED % [K[?2004hscript c1[9Dlldb c1  c[?2004l
(lldb) target create "c1c"
error: '/Users/belatavaresp/Documents/GitHub/Aula_Pratica_3_ED/c1c' doesn't contain any 'host' platform architectures: x86_64, i386, x86_64
(lldb) [1G[2m(lldb) [22m[8Gbreakpoint set --file ci[K[1G[2m(lldb) [22m[31G1correto,c[K[1G[2m(lldb) [22m[40G[K[1G[2m(lldb) [22m[39G.c --line 9[K[1G[2m(lldb) [22m[49G8
Breakpoint 1: no locations (pending).
Breakpoint set in dummy target, will get copied into future targets.
(lldb) [1G[2m(lldb) [22m[8Gr
error: invalid target, create a target using the 'target create' command
(lldb) [1G[2m(lldb) [22m[8Gtath[K[1G[2m(lldb) [22m[11G[K[1G[2m(lldb) [22m[10Grget creat [1G[2m(lldb) [22m[20Ge c1c
error: '/Users/belatavaresp/Documents/GitHub/Aula_Pratica_3_ED/c1c' doesn't contain any 'host' platform architectures: x86_64, i386, x86_64
(lldb) [1G[2m(lldb) [22m[8Gr
error: invalid target, create a target using the 'target create' command
(lldb) [1G[2m(lldb) [22m[8Gquit
[1m[7m%[27m[1m[0m                                                                                                                         [0m[27m[24m[Jbelatavaresp@MacBook-Pro-de-Izabela Aula_Pratica_3_ED % [K[?2004hlls[?2004l
c1		c11.c		c15.c		c1c.dSYM	c3.c		c7.c
c1.c		c12.c		c16.c		c1correto.c	c4.c		c8.c
c1.dSYM		c13.c		c19.c		c1relatorio.txt	c5.c		c9.c
c10.c		c14.c		c1c		c2.c		c6.c
[1m[7m%[27m[1m[0m                                                                                                                         [0m[27m[24m[Jbelatavaresp@MacBook-Pro-de-Izabela Aula_Pratica_3_ED % [K[?2004hggcc -g c1correto,c  .c -o ci 1c[?2004l
[1m[7m%[27m[1m[0m                                                                                                                         [0m[27m[24m[Jbelatavaresp@MacBook-Pro-de-Izabela Aula_Pratica_3_ED % [K[?2004hllldb c1c[?2004l
(lldb) target create "c1c"
Current executable set to '/Users/belatavaresp/Documents/GitHub/Aula_Pratica_3_ED/c1c' (x86_64).
(lldb) [1G[2m(lldb) [22m[8Gbreakpoint set --fil e[K[1G[2m(lldb) [22m[29G[1G[2m(lldb) [22m[28Ge c1correto,[K[1G[2m(lldb) [22m[39G.c ==[K[1G[2m(lldb) [22m[43G--[K[1G[2m(lldb) [22m[44G[K[1G[2m(lldb) [22m[43G[K[1G[2m(lldb) [22m[42G-- l[K[1G[2m(lldb) [22m[45G[1G[2m(lldb) [22m[44Gline 8
Breakpoint 1: where = c1c`main + 59 at c1correto.c:8:10, address = 0x0000000100003f3b
(lldb) [1G[2m(lldb) [22m[8Gbreakpoint set --file c1correto.c --line 8[1G[2m(lldb) [22m[50G[8Gquit[K[1G[2m(lldb) [22m[12Gr[K[1G[2m(lldb) [22m[9Gtarget create c1c[1G[2m(lldb) [22m[25G[8Gr[K[1G[2m(lldb) [22m[9Gbreakpoint set --file c1correto.c --line 8[1G[2m(lldb) [22m[50G[8Gquit[K[1G[2m(lldb) [22m[12Gcontinue[1G[2m(lldb) [22m[16G[8Gquit[K[1G[2m(lldb) [22m[12Gbreakpoint delete 1[1G[2m(lldb) [22m[27G[8G[11Pd[16G[1G[2m(lldb) [22m[16G.1[1G[2m(lldb) [22m[18G[8Gbreakpoint list[1G[2m(lldb) [22m[23G[8Gquit[K[1G[2m(lldb) [22m[12Gr[K[1G[2m(lldb) [22m[9Gwatch set var -i i[1G[2m(lldb) [22m[26Gw i[1G[2m(lldb) [22m[26G[9G e s --file c1 --line 8 i[1G[2m(lldb) [22m[34G[9Gatchpoint set variable i[K[1G[2m(lldb) [22m[33G[9G e s --file c1 --line 8 i[1G[2m(lldb) [22m[34G[K[1G[2m(lldb) [22m[33G[1G[2m(lldb) [22m[32G[K[1G[2m(lldb) [22m[31G[1G[2m(lldb) [22m[30G[K[1G[2m(lldb) [22m[29G[K[1G[2m(lldb) [22m[28G[K[1G[2m(lldb) [22m[27G[K[1G[2m(lldb) [22m[26G[K[1G[2m(lldb) [22m[25G[K[1G[2m(lldb) [22m[24G[1G[2m(lldb) [22m[23G[K[1G[2m(lldb) [22m[22G[K[1G[2m(lldb) [22m[21G[1G[2m(lldb) [22m[20G[K[1G[2m(lldb) [22m[19G[K[1G[2m(lldb) [22m[18G[K[1G[2m(lldb) [22m[17G[K[1G[2m(lldb) [22m[16G 0x0000000100003f3b
error: There's no process or it is not alive.
(lldb) [1G[2m(lldb) [22m[8Gr
Process 61042 launched: '/Users/belatavaresp/Documents/GitHub/Aula_Pratica_3_ED/c1c' (x86_64)
Process 61042 stopped
* thread #1, queue = [32m'com.apple.main-thread'[0m, stop reason = [31mbreakpoint 1.1[0m
    frame #0: [33m0x0000000100003f3b[0m c1c`main(argc=1, argv=0x00007ffeefbff6e0) at [36mc1correto.c[0m:[33m8[0m:[33m10[0m
[33m  [0m 5   	  [32mint[0m i;
[33m  [0m 6   	  [32mint[0m *a = malloc([32msizeof[0m([32mint[0m) * [31m10[0m);
[33m  [0m 7   	  [32mif[0m (!a) [32mreturn[0m -[31m1[0m; [35m/*malloc failed*/[0m
[33m->[0m 8   	  [32mfor[0m (i [4m=[0m [31m0[0m; i < [31m10[0m; i++){ [35m// so vai acessar ate a posicão [9][0m
[33m  [0m 9   	    a[i] = i;
[33m  [0m 10  	  }
[33m  [0m 11  	  free(a);
Target 0: (c1c) stopped.
(lldb) [1G[2m(lldb) [22m[8Gcontinue
Process 61042 resuming
Process 61042 exited with status = 0 (0x00000000) 
(lldb) [1G[2m(lldb) [22m[8Gquit
[1m[7m%[27m[1m[0m                                                                                                                         [0m[27m[24m[Jbelatavaresp@MacBook-Pro-de-Izabela Aula_Pratica_3_ED % [K[?2004hvvav  lldb c1c[8Dgcc -g c1correto.c -o c1c[25Dls                       [23Dlldb c1c[8Dscript c1[9Dlldb c1  ./c1   gcc -g c1.c -o c1[17D./c1             [13Dlldb c1gcc -g c1.c -o c1[17Dlldb main        [8D[9Dgdb main [8Dg++ -g main.cpp -o main[16D-o main.cpp[5C[23D'/Users/belatavaresp/Documents/GitHub/Aula_Pratica_3_ED/.vscode/tasks.json'[K[A[46Cscript[K[1B[K[A[62C'/Users/belatavaresp/Documents/GitHub/Aula_Pratica_3_ED/.vscode/tasks.json'[K[A[46Cscript[K[1B[K[A[62Cgcc -g c1.c -o c1[17D./c1             [13Dlldb c1gcc -g c1.c -o c1[17Dscript done      [11Dgcc -g c1.c -o c1[17Dlldb c1          [10D./c1   gcc -g c1.c -o c1[17Dscript           [11D'/Users/belatavaresp/Documents/GitHub/Aula_Pratica_3_ED/.vscode/tasks.json'[K[A[46Cscript[K[1B[K[A[62C[?2004l[1BScript started, output file is typescript
[1m[7m%[27m[1m[0m                                                                                                                         [0m[27m[24m[Jbelatavaresp@MacBook-Pro-de-Izabela Aula_Pratica_3_ED % [K[?2004hsscritp   pt done[?2004l
Script started, output file is done
[1m[7m%[27m[1m[0m                                                                                                                         [0m[27m[24m[Jbelatavaresp@MacBook-Pro-de-Izabela Aula_Pratica_3_ED % [K[?2004hsscript c1c[?2004l
Script started, output file is c1c
[1m[7m%[27m[1m[0m                                                                                                                         [0m[27m[24m[Jbelatavaresp@MacBook-Pro-de-Izabela Aula_Pratica_3_ED % [K[?2004hllldb c1c[?2004l
(lldb) target create "c1c"
error: '/Users/belatavaresp/Documents/GitHub/Aula_Pratica_3_ED/c1c' doesn't contain any 'host' platform architectures: x86_64, i386, x86_64
(lldb) [1G[2m(lldb) [22m[8Gbreakpoint list
No breakpoints currently set.
(lldb) [1G[2m(lldb) [22m[8Gbreakpoint set ==[K[1G[2m(lldb) [22m[24G[K[1G[2m(lldb) [22m[23G--file ci[K[1G[2m(lldb) [22m[31G1correto.c ==[K[1G[2m(lldb) [22m[43G[K[1G[2m(lldb) [22m[42G--line 8
Breakpoint 1: no locations (pending).
Breakpoint set in dummy target, will get copied into future targets.
(lldb) [1G[2m(lldb) [22m[8Gtarget g[K[1G[2m(lldb) [22m[15Gce[K[1G[2m(lldb) [22m[16Gree[K[1G[2m(lldb) [22m[18Gate c11[K[1G[2m(lldb) [22m[24Gc
error: '/Users/belatavaresp/Documents/GitHub/Aula_Pratica_3_ED/c1c' doesn't contain any 'host' platform architectures: x86_64, i386, x86_64
(lldb) [1G[2m(lldb) [22m[8Gquit
[1m[7m%[27m[1m[0m                                                                                                                         [0m[27m[24m[Jbelatavaresp@MacBook-Pro-de-Izabela Aula_Pratica_3_ED % [K[?2004hllldb c1c[?2004l
(lldb) target create "c1c"
error: '/Users/belatavaresp/Documents/GitHub/Aula_Pratica_3_ED/c1c' doesn't contain any 'host' platform architectures: x86_64, i386, x86_64
(lldb) [1G[2m(lldb) [22m[8Gquit
[1m[7m%[27m[1m[0m                                                                                                                         [0m[27m[24m[Jbelatavaresp@MacBook-Pro-de-Izabela Aula_Pratica_3_ED % [K[?2004hlldb c1c[8Dscript c1[9Dlldb c1  ./c1   gcc -g c1.c -o c1c.c -o c1[8Do.c -o c1[8Dr.c -o c1[8Dr.c -o c1[8De.c -o c1[8Dt.c -o c1[8Do.c -o c1[8D[1C[1C[1C[1C[1C[1C[1C[1Cc11 [1Cc[?2004l
[1m[7m%[27m[1m[0m                                                                                                                         [0m[27m[24m[Jbelatavaresp@MacBook-Pro-de-Izabela Aula_Pratica_3_ED % [K[?2004hgcc -g c1correto.c -o c1c[25D                         [25Dgcc -g c1correto.c -o c1c[25Dlldb c1c                 [17D[?2004l
(lldb) target create "c1c"
Current executable set to '/Users/belatavaresp/Documents/GitHub/Aula_Pratica_3_ED/c1c' (x86_64).
(lldb) [1G[2m(lldb) [22m[8Gquit[1G[2m(lldb) [22m[12Gtarget create c1c[1G[2m(lldb) [22m[25G[8Gbreakpoint set --file c1correto.c --line 8[1G[2m(lldb) [22m[50G
Breakpoint 1: where = c1c`main + 59 at c1correto.c:8:10, address = 0x0000000100003f3b
(lldb) [1G[2m(lldb) [22m[8Gr
Process 61193 launched: '/Users/belatavaresp/Documents/GitHub/Aula_Pratica_3_ED/c1c' (x86_64)
Process 61193 stopped
* thread #1, queue = [32m'com.apple.main-thread'[0m, stop reason = [31mbreakpoint 1.1[0m
    frame #0: [33m0x0000000100003f3b[0m c1c`main(argc=1, argv=0x00007ffeefbff6e0) at [36mc1correto.c[0m:[33m8[0m:[33m10[0m
[33m  [0m 5   	  [32mint[0m i;
[33m  [0m 6   	  [32mint[0m *a = malloc([32msizeof[0m([32mint[0m) * [31m10[0m);
[33m  [0m 7   	  [32mif[0m (!a) [32mreturn[0m -[31m1[0m; [35m/*malloc failed*/[0m
[33m->[0m 8   	  [32mfor[0m (i [4m=[0m [31m0[0m; i < [31m10[0m; i++){ [35m// so vai acessar ate a posicão [9][0m
[33m  [0m 9   	    a[i] = i;
[33m  [0m 10  	  }
[33m  [0m 11  	  free(a);
Target 0: (c1c) stopped.
(lldb) [1G[2m(lldb) [22m[8Gci[K[1G[2m(lldb) [22m[9Gpnt[K[1G[2m(lldb) [22m[11G[K[1G[2m(lldb) [22m[10G[K[1G[2m(lldb) [22m[9Gontinue
Process 61193 resuming
Process 61193 exited with status = 0 (0x00000000) 
(lldb) [1G[2m(lldb) [22m[8Gquit
[1m[7m%[27m[1m[0m                                                                                                                         [0m[27m[24m[Jbelatavaresp@MacBook-Pro-de-Izabela Aula_Pratica_3_ED % [K[?2004hvvalgrind [7m--leak-check=full[27m[17D[27m-[27m-[27ml[27me[27ma[27mk[27m-[27mc[27mh[27me[27mc[27mk[27m=[27mf[27mu[27ml[27ml ./c2 1d c[?2004l
==61211== Memcheck, a memory error detector
==61211== Copyright (C) 2002-2022, and GNU GPL'd, by Julian Seward et al.
==61211== Using Valgrind-3.21.0.GIT-lbmacos and LibVEX; rerun with -h for copyright info
==61211== Command: ./c1c
==61211== 
==61211== 
==61211== HEAP SUMMARY:
==61211==     in use at exit: 13,963 bytes in 161 blocks
==61211==   total heap usage: 176 allocs, 15 frees, 18,747 bytes allocated
==61211== 
==61211== 2,048 bytes in 1 blocks are definitely lost in loss record 34 of 36
==61211==    at 0x100124545: malloc (in /usr/local/Cellar/valgrind/HEAD-1ab162e/libexec/valgrind/vgpreload_memcheck-amd64-darwin.so)
==61211==    by 0x100706079: objc::DenseMap<char const*, objc::detail::DenseSetEmpty, objc::DenseMapValueInfo<objc::detail::DenseSetEmpty>, objc::DenseMapInfo<char const*>, objc::detail::DenseSetPair<char const*> >::grow(unsigned int) (in /usr/lib/libobjc.A.dylib)
==61211==    by 0x10070600D: objc::detail::DenseSetPair<char const*>* objc::DenseMapBase<objc::DenseMap<char const*, objc::detail::DenseSetEmpty, objc::DenseMapValueInfo<objc::detail::DenseSetEmpty>, objc::DenseMapInfo<char const*>, objc::detail::DenseSetPair<char const*> >, char const*, objc::detail::DenseSetEmpty, objc::DenseMapValueInfo<objc::detail::DenseSetEmpty>, objc::DenseMapInfo<char const*>, objc::detail::DenseSetPair<char const*> >::InsertIntoBucketImpl<char const*>(char const* const&, char const* const&, objc::detail::DenseSetPair<char const*>*) (in /usr/lib/libobjc.A.dylib)
==61211==    by 0x100709EC1: __sel_registerName(char const*, bool, bool) (in /usr/lib/libobjc.A.dylib)
==61211==    by 0x1006F7D4B: fixupMethodList(method_list_t*, bool, bool) (in /usr/lib/libobjc.A.dylib)
==61211==    by 0x1006ED835: prepareMethodLists(objc_class*, method_list_t**, int, bool, bool) (in /usr/lib/libobjc.A.dylib)
==61211==    by 0x10070007C: realizeClassWithoutSwift(objc_class*, objc_class*) (in /usr/lib/libobjc.A.dylib)
==61211==    by 0x1006FFB7B: realizeClassWithoutSwift(objc_class*, objc_class*) (in /usr/lib/libobjc.A.dylib)
==61211==    by 0x1006FFB54: realizeClassWithoutSwift(objc_class*, objc_class*) (in /usr/lib/libobjc.A.dylib)
==61211==    by 0x1006FFB54: realizeClassWithoutSwift(objc_class*, objc_class*) (in /usr/lib/libobjc.A.dylib)
==61211==    by 0x1006FFB54: realizeClassWithoutSwift(objc_class*, objc_class*) (in /usr/lib/libobjc.A.dylib)
==61211==    by 0x1006EBA1E: map_images_nolock (in /usr/lib/libobjc.A.dylib)
==61211== 
==61211== LEAK SUMMARY:
==61211==    definitely lost: 2,048 bytes in 1 blocks
==61211==    indirectly lost: 0 bytes in 0 blocks
==61211==      possibly lost: 0 bytes in 0 blocks
==61211==    still reachable: 0 bytes in 0 blocks
==61211==         suppressed: 11,915 bytes in 160 blocks
==61211== 
==61211== For lists of detected and suppressed errors, rerun with: -s
==61211== ERROR SUMMARY: 1 errors from 1 contexts (suppressed: 7 from 7)
[1m[7m%[27m[1m[0m                                                                                                                         [0m[27m[24m[Jbelatavaresp@MacBook-Pro-de-Izabela Aula_Pratica_3_ED % [K[?2004hcc1c done[?2004l
zsh: command not found: c1c
[1m[7m%[27m[1m[0m                                                                                                                         [0m[27m[24m[Jbelatavaresp@MacBook-Pro-de-Izabela Aula_Pratica_3_ED % [K[?2004hsscripe c1c q     t c1c do  done[?2004l
Script started, output file is c1c
script: done: No such file or directory

Script done, output file is c1c
[1m[7m%[27m[1m[0m                                                                                                                         [0m[27m[24m[Jbelatavaresp@MacBook-Pro-de-Izabela Aula_Pratica_3_ED % [K[?2004heexit[?2004l

Script done, output file is c1c
[1m[7m%[27m[1m[0m                                                                                                                         [0m[27m[24m[Jbelatavaresp@MacBook-Pro-de-Izabela Aula_Pratica_3_ED % [K[?2004hscript c1c [9Dlldb c1  ./c1   lldb c1script c1[9Dlldb c1  ./c1   gcc -g c1.c -o c1c.c -o c1[8Do.c -o c1[8Dr.c -o c1[8Dr.c -o c1[8De.c -o c1[8Dt.c -o c1[8Do.c -o c1[8D[1C[1C[1C[1C[1C[1C[1C[1CC[?2004l
[1m[7m%[27m[1m[0m                                                                                                                         [0m[27m[24m[Jbelatavaresp@MacBook-Pro-de-Izabela Aula_Pratica_3_ED % [K[?2004hgcc -g c1correto.c -o c1C[25Dscript[4C               [15D [9Dlldb c1  script c1c[?2004l
Script started, output file is c1c
[1m[7m%[27m[1m[0m                                                                                                                         [0m[27m[24m[Jbelatavaresp@MacBook-Pro-de-Izabela Aula_Pratica_3_ED % [K[?2004hexitscript c1c done[15Dc1c done       [8Dvalgrind --leak-check=full ./c1c[32Dlldb c1c                        [24D[8Dgcc -g c1correto.c -o c1c[25Dlldb c1c                 [17DCc[1C [?2004l
(lldb) target create "c1C"
error: '/Users/belatavaresp/Documents/GitHub/Aula_Pratica_3_ED/c1C' doesn't contain any 'host' platform architectures: x86_64, i386, x86_64
(lldb) [1G[2m(lldb) [22m[8Gqui[K[1G[2m(lldb) [22m[10G[K[1G[2m(lldb) [22m[9G[K[1G[2m(lldb) [22m[8Gquit
[1m[7m%[27m[1m[0m                                                                                                                         [0m[27m[24m[Jbelatavaresp@MacBook-Pro-de-Izabela Aula_Pratica_3_ED % [K[?2004hlldb c1C[?2004l
(lldb) target create "c1C"
error: '/Users/belatavaresp/Documents/GitHub/Aula_Pratica_3_ED/c1C' doesn't contain any 'host' platform architectures: x86_64, i386, x86_64
(lldb) [1G[2m(lldb) [22m[8Gquit
[1m[7m%[27m[1m[0m                                                                                                                         [0m[27m[24m[Jbelatavaresp@MacBook-Pro-de-Izabela Aula_Pratica_3_ED % [K[?2004hlldb c1C[8Dexit    script c1c done[15Dc1c done       [8Dvalgrind --leak-check=full ./c1c[32Dlldb c1c                        [24D[8Dgcc -g c1correto.c -o c1c C[?2004l
[1m[7m%[27m[1m[0m                                                                                                                         [0m[27m[24m[Jbelatavaresp@MacBook-Pro-de-Izabela Aula_Pratica_3_ED % [K[?2004hgcc -g c1correto.c -o c1C[25Dlldb c1C                 [17D[?2004l
(lldb) target create "c1C"
Current executable set to '/Users/belatavaresp/Documents/GitHub/Aula_Pratica_3_ED/c1C' (x86_64).
(lldb) [1G[2m(lldb) [22m[8Gbreakpoint set --file c1correto.c ==[K[1G[2m(lldb) [22m[43G[K[1G[2m(lldb) [22m[42G--line 8
Breakpoint 1: where = c1C`main + 59 at c1correto.c:8:10, address = 0x0000000100003f3b
(lldb) [1G[2m(lldb) [22m[8Gr
Process 61393 launched: '/Users/belatavaresp/Documents/GitHub/Aula_Pratica_3_ED/c1C' (x86_64)
Process 61393 stopped
* thread #1, queue = [32m'com.apple.main-thread'[0m, stop reason = [31mbreakpoint 1.1[0m
    frame #0: [33m0x0000000100003f3b[0m c1C`main(argc=1, argv=0x00007ffeefbff6e0) at [36mc1correto.c[0m:[33m8[0m:[33m10[0m
[33m  [0m 5   	  [32mint[0m i;
[33m  [0m 6   	  [32mint[0m *a = malloc([32msizeof[0m([32mint[0m) * [31m10[0m);
[33m  [0m 7   	  [32mif[0m (!a) [32mreturn[0m -[31m1[0m; [35m/*malloc failed*/[0m
[33m->[0m 8   	  [32mfor[0m (i [4m=[0m [31m0[0m; i < [31m10[0m; i++){ [35m// so vai acessar ate a posicão [9][0m
[33m  [0m 9   	    a[i] = i;
[33m  [0m 10  	  }
[33m  [0m 11  	  free(a);
Target 0: (c1C) stopped.
(lldb) [1G[2m(lldb) [22m[8Gcontu[K[1G[2m(lldb) [22m[12Gintu[K[1G[2m(lldb) [22m[15G[K[1G[2m(lldb) [22m[14G[K[1G[2m(lldb) [22m[13Gnue
Process 61393 resuming
Process 61393 exited with status = 0 (0x00000000) 
(lldb) [1G[2m(lldb) [22m[8Gquit
[1m[7m%[27m[1m[0m                                                                                                                         [0m[27m[24m[Jbelatavaresp@MacBook-Pro-de-Izabela Aula_Pratica_3_ED % [K[?2004hlldb c1C[8Dgcc -g c1correto.c -o c1C[25Dlldb c1C                 [17D[8Dexit    script c1c done[15Dc1c done       [8Dvalgrind --leak-check=full ./c1c C[?2004l
==61407== Memcheck, a memory error detector
==61407== Copyright (C) 2002-2022, and GNU GPL'd, by Julian Seward et al.
==61407== Using Valgrind-3.21.0.GIT-lbmacos and LibVEX; rerun with -h for copyright info
==61407== Command: ./c1C
==61407== 
==61407== 
==61407== HEAP SUMMARY:
==61407==     in use at exit: 13,963 bytes in 161 blocks
==61407==   total heap usage: 176 allocs, 15 frees, 18,747 bytes allocated
==61407== 
==61407== 2,048 bytes in 1 blocks are definitely lost in loss record 34 of 36
==61407==    at 0x100124545: malloc (in /usr/local/Cellar/valgrind/HEAD-1ab162e/libexec/valgrind/vgpreload_memcheck-amd64-darwin.so)
==61407==    by 0x100706079: objc::DenseMap<char const*, objc::detail::DenseSetEmpty, objc::DenseMapValueInfo<objc::detail::DenseSetEmpty>, objc::DenseMapInfo<char const*>, objc::detail::DenseSetPair<char const*> >::grow(unsigned int) (in /usr/lib/libobjc.A.dylib)
==61407==    by 0x10070600D: objc::detail::DenseSetPair<char const*>* objc::DenseMapBase<objc::DenseMap<char const*, objc::detail::DenseSetEmpty, objc::DenseMapValueInfo<objc::detail::DenseSetEmpty>, objc::DenseMapInfo<char const*>, objc::detail::DenseSetPair<char const*> >, char const*, objc::detail::DenseSetEmpty, objc::DenseMapValueInfo<objc::detail::DenseSetEmpty>, objc::DenseMapInfo<char const*>, objc::detail::DenseSetPair<char const*> >::InsertIntoBucketImpl<char const*>(char const* const&, char const* const&, objc::detail::DenseSetPair<char const*>*) (in /usr/lib/libobjc.A.dylib)
==61407==    by 0x100709EC1: __sel_registerName(char const*, bool, bool) (in /usr/lib/libobjc.A.dylib)
==61407==    by 0x1006F7D4B: fixupMethodList(method_list_t*, bool, bool) (in /usr/lib/libobjc.A.dylib)
==61407==    by 0x1006ED835: prepareMethodLists(objc_class*, method_list_t**, int, bool, bool) (in /usr/lib/libobjc.A.dylib)
==61407==    by 0x10070007C: realizeClassWithoutSwift(objc_class*, objc_class*) (in /usr/lib/libobjc.A.dylib)
==61407==    by 0x1006FFB7B: realizeClassWithoutSwift(objc_class*, objc_class*) (in /usr/lib/libobjc.A.dylib)
==61407==    by 0x1006FFB54: realizeClassWithoutSwift(objc_class*, objc_class*) (in /usr/lib/libobjc.A.dylib)
==61407==    by 0x1006FFB54: realizeClassWithoutSwift(objc_class*, objc_class*) (in /usr/lib/libobjc.A.dylib)
==61407==    by 0x1006FFB54: realizeClassWithoutSwift(objc_class*, objc_class*) (in /usr/lib/libobjc.A.dylib)
==61407==    by 0x1006EBA1E: map_images_nolock (in /usr/lib/libobjc.A.dylib)
==61407== 
==61407== LEAK SUMMARY:
==61407==    definitely lost: 2,048 bytes in 1 blocks
==61407==    indirectly lost: 0 bytes in 0 blocks
==61407==      possibly lost: 0 bytes in 0 blocks
==61407==    still reachable: 0 bytes in 0 blocks
==61407==         suppressed: 11,915 bytes in 160 blocks
==61407== 
==61407== For lists of detected and suppressed errors, rerun with: -s
==61407== ERROR SUMMARY: 1 errors from 1 contexts (suppressed: 7 from 7)
[1m[7m%[27m[1m[0m                                                                                                                         [0m[27m[24m[Jbelatavaresp@MacBook-Pro-de-Izabela Aula_Pratica_3_ED % [K[?2004hqquit[?2004l
zsh: command not found: quit
[1m[7m%[27m[1m[0m                                                                                                                         [0m[27m[24m[Jbelatavaresp@MacBook-Pro-de-Izabela Aula_Pratica_3_ED % [K[?2004hwwxit  w  eexit[?2004l

Script done, output file is c1c
[1m[7m%[27m[1m[0m                                                                                                                         [0m[27m[24m[Jbelatavaresp@MacBook-Pro-de-Izabela Aula_Pratica_3_ED % [K[?2004h